#Type	Gene	Name	Count
rRNA	rrn18	rrn18	40
rRNA	rrn5	rrn5	37
rRNA	rrn26	rrn26	28
CDS	ATP1	ATP1	15
CDS	rps7	rps7	13
CDS	cob	cob	12
CDS	cox2	cox2	12
CDS	nad9	nad9	12
CDS	nad3	nad3	11
CDS	nad4	nad4	11
CDS	rps12	rps12	11
CDS	rps2	rps2	11
CDS	atp6	atp6	10
CDS	ccmB	ccmB	10
CDS	ccmFN	ccmFN	10
CDS	cox1	cox1	10
CDS	cox3	cox3	10
CDS	mttB	mttB	10
CDS	nad6	nad6	10
CDS	rpl16	rpl16	10
CDS	rps1	rps1	10
CDS	atp4	atp4	9
CDS	atp9	atp9	9
CDS	ccmC	ccmC	9
CDS	nad2	nad2	9
CDS	nad5	nad5	9
CDS	rps3	rps3	9
CDS	rps4	rps4	9
CDS	ccmFC	ccmFC	8
CDS	nad7	nad7	8
CDS	rpl5	rpl5	8
CDS	atp8	atp8	7
CDS	matR	matR	7
CDS	nad4L	nad4L	6
CDS	rps13	rps13	6
CDS	atp8-1	atp8-1	5
CDS	atp8-2	atp8-2	5
CDS	nad1	nad1	5
tRNA	trnM-CAU	trnM-CAU	5
CDS	rp13	rp13	4
CDS	rpL2-p	rpL2-p	4
CDS	atp1-1	atp1-1	3
CDS	atp1-2	atp1-2	3
CDS	atp6-1	atp6-1	3
CDS	atp6-2	atp6-2	3
CDS	atp9-1	atp9-1	3
CDS	atp9-2	atp9-2	3
CDS	ccmC-p	ccmC-p	3
CDS	rps19-p	rps19-p	3
tRNA	trnK-UUU	trnK-UUU	3
tRNA	trnQ-UUG	trnQ-UUG	3
CDS	ccbB	ccbB	2
tRNA	trnD-GUC	trnD-GUC	2
tRNA	trnP-UGG	trnP-UGG	2
CDS	ABP	ABP	1
CDS	OAT-5DL	OAT-5DL	1
CDS	RPS1A	RPS1A	1
CDS	SOD1	SOD1	1
CDS	SOD2	SOD2	1
CDS	atp4-1	atp4-1	1
CDS	atp4-2	atp4-2	1
CDS	atpA-c	atpA-c	1
CDS	ccmC-1	ccmC-1	1
CDS	ccmC-2	ccmC-2	1
CDS	cox1-1	cox1-1	1
CDS	cox1-2	cox1-2	1
CDS	cox3-1	cox3-1	1
CDS	cox3-2	cox3-2	1
CDS	nad4-1	nad4-1	1
CDS	nad4-2	nad4-2	1
CDS	nad4-3	nad4-3	1
CDS	nad4L-1	nad4L-1	1
CDS	nad4L-2	nad4L-2	1
CDS	nad6-1	nad6-1	1
CDS	nad6-2	nad6-2	1
CDS	nad7-1	nad7-1	1
CDS	nad7-2	nad7-2	1
CDS	rpl2	rpl2	1
CDS	rps14	rps14	1
CDS	rps19	rps19	1
CDS	rps19-p-1	rps19-p-1	1
CDS	rps19-p-2	rps19-p-2	1
CDS	rps4-1	rps4-1	1
CDS	rps4-2	rps4-2	1
tRNA	trnC-GCA	trnC-GCA	1
tRNA	trnE-UUC	trnE-UUC	1
tRNA	trnF-GAA	trnF-GAA	1
tRNA	trnL-CAA	trnL-CAA	1
tRNA	trnN-GUU	trnN-GUU	1
tRNA	trnS-GCU	trnS-GCU	1
tRNA	trnS-GGA	trnS-GGA	1
tRNA	trnS-UGA	trnS-UGA	1
tRNA	trnW-CCA	trnW-CCA	1
tRNA	trnY-GUA	trnY-GUA	1
