#Type	Gene	Name	NSEQ
CDS	atpA	atpA	29
CDS	atpB	atpB	27
CDS	atpE	atpE	33
CDS	atpF	atpF	33
CDS	atpH	atpH	33
CDS	atpI	atpI	31
CDS	ccsA	ccsA	30
CDS	cemA	cemA	32
CDS	clpP	clpP	31
CDS	infA	infA	32
CDS	matK	matK	75
CDS	ndhA	ndhA	32
CDS	ndhB	ndhB	35
CDS	ndhC	ndhC	34
CDS	ndhD	ndhD	32
CDS	ndhE	ndhE	32
CDS	ndhF	ndhF	32
CDS	ndhG	ndhG	33
CDS	ndhH	ndhH	30
CDS	ndhI	ndhI	32
CDS	ndhJ	ndhJ	32
CDS	ndhK	ndhK	28
CDS	petA	petA	29
CDS	petB	petB	33
CDS	petD	petD	35
CDS	petG	petG	31
CDS	petL	petL	34
CDS	petN	petN	33
CDS	psaA	psaA	33
CDS	psaB	psaB	31
CDS	psaC	psaC	34
CDS	psaI	psaI	34
CDS	psaJ	psaJ	32
CDS	psbA	psbA	30
CDS	psbB	psbB	32
CDS	psbC	psbC	27
CDS	psbD	psbD	29
CDS	psbE	psbE	31
CDS	psbF	psbF	33
CDS	psbH	psbH	32
CDS	psbI	psbI	29
CDS	psbJ	psbJ	29
CDS	psbK	psbK	31
CDS	psbL	psbL	33
CDS	psbM	psbM	34
CDS	psbN	psbN	25
CDS	psbT	psbT	35
CDS	psbZ	psbZ	31
CDS	rbcL	rbcL	70
CDS	rpl2	rpl2	36
CDS	rpl14	rpl14	32
CDS	rpl16	rpl16	30
CDS	rpl20	rpl20	33
CDS	rpl22	rpl22	28
CDS	rpl23	rpl23	31
CDS	rpl32	rpl32	31
CDS	rpl33	rpl33	33
CDS	rpl36	rpl36	31
CDS	rpoA	rpoA	27
CDS	rpoB	rpoB	27
CDS	rpoC1	rpoC1	33
CDS	rpoC2	rpoC2	29
CDS	rps2	rps2	33
CDS	rps3	rps3	31
CDS	rps4	rps4	32
CDS	rps7	rps7	31
CDS	rps8	rps8	31
CDS	rps11	rps11	34
CDS	rps12	rps12	34
CDS	rps14	rps14	31
CDS	rps15	rps15	36
CDS	rps16	rps16	34
CDS	rps18	rps18	27
CDS	rps19	rps19	39
CDS	ycf2	ycf2	8
CDS	ycf3	ycf3	30
CDS	ycf4	ycf4	26
rRNA	rrn4.5	rrn4.5	37
rRNA	rrn5	rrn5	36
rRNA	rrn16	rrn16	34
rRNA	rrn23	rrn23	37
tRNA	trnA-UGC	trnA-UGC	20
tRNA	trnC-GCA	trnC-GCA	19
tRNA	trnD-GUC	trnD-GUC	18
tRNA	trnE-UUC	trnE-UUC	20
tRNA	trnF-GAA	trnF-GAA	23
tRNA	trnG-GCC	trnG-GCC	33
tRNA	trnG-UCC	trnG-UCC	10
tRNA	trnH-GUG	trnH-GUG	22
tRNA	trnI-CAU	trnI-CAU	9
tRNA	trnI-GAU	trnI-GAU	20
tRNA	trnK-UUU	trnK-UUU	23
tRNA	trnL-CAA	trnL-CAA	27
tRNA	trnL-UAA	trnL-UAA	17
tRNA	trnL-UAG	trnL-UAG	18
tRNA	trnM-CAU	trnM-CAU	38
tRNA	trnN-GUU	trnN-GUU	35
tRNA	trnP-UGG	trnP-UGG	19
tRNA	trnQ-UUG	trnQ-UUG	18
tRNA	trnR-ACG	trnR-ACG	27
tRNA	trnR-UCU	trnR-UCU	19
tRNA	trnS-GCU	trnS-GCU	19
tRNA	trnS-GGA	trnS-GGA	25
tRNA	trnS-UGA	trnS-UGA	20
tRNA	trnT-GGU	trnT-GGU	20
tRNA	trnT-UGU	trnT-UGU	18
tRNA	trnV-GAC	trnV-GAC	27
tRNA	trnV-UAC	trnV-UAC	18
tRNA	trnW-CCA	trnW-CCA	25
tRNA	trnY-GUA	trnY-GUA	19
tRNA	trnfM-CAU	trnfM-CAU	39
