#Type	Gene	Name	Count
CDS	matK	matK	82
CDS	rpl23	rpl23	78
CDS	rps19	rps19	76
CDS	rbcL	rbcL	70
rRNA	rrn16	rrn16	68
rRNA	rrn4.5	rrn4.5	68
CDS	ndhB	ndhB	67
CDS	rps15	rps15	67
rRNA	rrn5	rrn5	67
CDS	rpl2	rpl2	66
CDS	rps7	rps7	66
rRNA	rrn23	rrn23	66
tRNA	trnN-GUU	trnN-GUU	51
CDS	rps12	rps12	50
tRNA	trnL-CAA	trnL-CAA	49
tRNA	trnR-ACG	trnR-ACG	49
tRNA	trnV-GAC	trnV-GAC	49
CDS	ndhH	ndhH	48
tRNA	trnM-CAU	trnM-CAU	46
CDS	psbA	psbA	45
CDS	rps11	rps11	44
CDS	ndhF	ndhF	43
CDS	ndhA	ndhA	41
tRNA	trnfM-CAU	trnfM-CAU	39
CDS	atpF	atpF	38
CDS	atpH	atpH	38
CDS	ndhC	ndhC	38
CDS	psbB	psbB	38
CDS	rps8	rps8	38
CDS	atpI	atpI	37
CDS	infA	infA	37
CDS	ndhK	ndhK	37
CDS	petB	petB	37
CDS	petD	petD	37
CDS	psaC	psaC	37
CDS	psbC	psbC	37
CDS	psbH	psbH	37
CDS	rpl14	rpl14	37
CDS	rpl32	rpl32	37
CDS	rpoA	rpoA	37
CDS	rpoC1	rpoC1	37
CDS	rpoC2	rpoC2	37
CDS	rps2	rps2	37
CDS	atpA	atpA	36
CDS	atpB	atpB	36
CDS	atpE	atpE	36
CDS	clpP	clpP	36
CDS	ndhD	ndhD	36
CDS	ndhE	ndhE	36
CDS	ndhG	ndhG	36
CDS	ndhI	ndhI	36
CDS	ndhJ	ndhJ	36
CDS	petA	petA	36
CDS	petL	petL	36
CDS	psaA	psaA	36
CDS	psaB	psaB	36
CDS	psaI	psaI	36
CDS	psaJ	psaJ	36
CDS	psbD	psbD	36
CDS	psbE	psbE	36
CDS	psbF	psbF	36
CDS	psbI	psbI	36
CDS	psbJ	psbJ	36
CDS	psbK	psbK	36
CDS	psbL	psbL	36
CDS	psbM	psbM	36
CDS	psbT	psbT	36
CDS	rpoB	rpoB	36
CDS	rps14	rps14	36
CDS	rps18	rps18	36
CDS	rps3	rps3	36
CDS	rps4	rps4	36
CDS	ycf3	ycf3	36
tRNA	trnH-GUG	trnH-GUG	36
CDS	ccsA	ccsA	35
CDS	cemA	cemA	35
CDS	petG	petG	35
CDS	petN	petN	35
CDS	rpl16	rpl16	35
CDS	rpl20	rpl20	35
CDS	rps16	rps16	35
tRNA	trnA-UGC	trnA-UGC	35
tRNA	trnI-GAU	trnI-GAU	35
CDS	psbZ	psbZ	34
CDS	rpl36	rpl36	34
CDS	rpl22	rpl22	33
CDS	rpl33	rpl33	33
tRNA	trnG-GCC	trnG-GCC	33
CDS	psbN	psbN	30
CDS	ycf4	ycf4	29
tRNA	trnS-GGA	trnS-GGA	27
tRNA	trnF-GAA	trnF-GAA	26
tRNA	trnW-CCA	trnW-CCA	26
tRNA	trnC-GCA	trnC-GCA	25
tRNA	trnK-UUU	trnK-UUU	25
tRNA	trnT-GGU	trnT-GGU	22
tRNA	trnE-UUC	trnE-UUC	21
tRNA	trnL-UAA	trnL-UAA	21
tRNA	trnR-UCU	trnR-UCU	21
tRNA	trnD-GUC	trnD-GUC	20
tRNA	trnL-UAG	trnL-UAG	20
tRNA	trnP-UGG	trnP-UGG	20
tRNA	trnQ-UUG	trnQ-UUG	20
tRNA	trnS-GCU	trnS-GCU	20
tRNA	trnS-UGA	trnS-UGA	20
tRNA	trnV-UAC	trnV-UAC	20
tRNA	trnY-GUA	trnY-GUA	19
tRNA	trnT-UGU	trnT-UGU	18
CDS	ycf2	ycf2	17
tRNA	trnI-CAU	trnI-CAU	14
tRNA	trnG-UCC	trnG-UCC	10
CDS	ycf15	ycf15	8
CDS	ycf68	ycf68	8
CDS	pafII	pafII	7
CDS	pbf1	pbf1	7
CDS	ACCase	ACCase	2
tRNA	trnP-GGG	trnP-GGG	2
CDS	SOD1.1	SOD1.1	1
CDS	fad6	fad6	1
CDS	psbG	psbG	1
CDS	psl33	psl33	1
CDS	trnH-GUG	trnH-GUG	1
CDS	ycf1	ycf1	1
CDS	ycf5	ycf5	1
CDS	ycf6	ycf6	1
CDS	ycf9	ycf9	1
